<!--ssr:0-->
<p>before</p>
<!-- a comment -->
<p>after</p>
<!--ssr:0-->
