<div
	bar="'></div><script>alert(42)</script>"
	foo="&quot;></div><script>alert(42)</script>"
	qux="&amp;&amp;&amp;"
	quux="&quot;><script>alert(42)</script>"
></div>

<div
	foo="foo"
	unsafe="&quot;><script>alert(42)</script>"
></div>
