<div class="svelte-bzh57p">red</div>
<div class="svelte-4yw8vx">green: foo</div>



<div class="svelte-4yw8vx">green: bar</div>


