&lt;p&gt;this should be &lt;em&gt;escaped&lt;/em&gt; &amp; so should &#39;this&#39;&lt;/p&gt;
