<div>Cheese</div>
<input type="radio" value="Plain" checked>
<input type="radio" value="Whole wheat">
<input type="checkbox" value="Beans">
<input type="checkbox" value="Cheese" checked>
