<!--ssr:0--><!--ssr:1--><p>a</p><!--ssr:1-->
<!--ssr:2--><p>empty</p><!--ssr:2--><!--ssr:0-->
