<div style='font-family: sans-serif; color: aquamarine;'>aquamarine sans-serif</div>
