<div>i got 99 problems</div>
<div>the answer is 42</div>
