<div></div>
<audio></audio>
<video></video>
<input type="file">
