<input value="0" type="number">
<input value="0" type="range">