<div
	foo="&#34;></div><script>alert(42)</script>"
></div>