<!--ssr:0--><ul><!--ssr:1--><!--ssr:7--><li>a</li><!--ssr:7--><li>b</li><!--ssr:1--></ul>
<ul><!--ssr:2--><!--ssr:8--><li>a</li><!--ssr:8--><li>b</li><!--ssr:2--></ul>
<ul><!--ssr:3--><!--ssr:9--><li>a</li><!--ssr:9--><li>b</li><!--ssr:3--></ul>
<!--ssr:4--><!--ssr:10--><li>a</li>
<li>a</li><!--ssr:10--><li>b</li><li>b</li><!--ssr:4-->
<!--ssr:5--><!--ssr:11--><li>a</li>
<li>a</li><!--ssr:11--><li>b</li><li>b</li><!--ssr:5-->
<!--ssr:6--><!--ssr:12--><li>a</li>
<li>a</li><!--ssr:12--><li>b</li><li>b</li><!--ssr:6--><!--ssr:0--></div>
