<div><p>foo: lol</p>
<p>baz: 42 (number)</p>
<p>qux: this is a piece of string</p>
<p>quux: core</p></div>
