<p>1: alligator</p><p>2: beetle</p><p>3: cuckoo</p>
