<!--ssr:0--><div>Just a dummy page.</div><!--ssr:0-->