<div
	bar="'></div><script>alert(42)</script>"
	foo="&quot;></div><script>alert(42)</script>"
	qux="&amp;&amp;&amp;"
></div>