<!--ssr:0--><ul><!--ssr:1--><!--ssr:7--><li>a</li><!--ssr:7--><!--ssr:1--></ul>
<ul><!--ssr:2--><!--ssr:9--><li>a</li><!--ssr:9--><!--ssr:2--></ul>
<ul><!--ssr:3--><!--ssr:11--><li>a</li><!--ssr:11--><!--ssr:3--></ul>
<!--ssr:4--><!--ssr:13--><li>a</li>
<li>a</li><!--ssr:13--><!--ssr:4-->
<!--ssr:5--><!--ssr:15--><li>a</li>
<li>a</li><!--ssr:15--><!--ssr:5-->
<!--ssr:6--><!--ssr:17--><li>a</li>
<li>a</li><!--ssr:17--><!--ssr:6--><!--ssr:0--></div>
