<input value="
	bar
">

<input class="white space ">