<div class="bar baz svelte-m782ot">bar</div>
<div class="foo bar baz svelte-m782ot">bar</div>