<textarea>
	<p>not actually an element. 42</p>
</textarea>