<div><div>Value in child component: undefined</div></div>
